practica\compi2\visitors\StatementBuilder.class
practica\compi2\GrammarParser$RamasContext.class
practica\compi2\tree\ast\StructInitializerNode.class
practica\compi2\GrammarParser$DeclaracionVarablesOpcionalesContext.class
practica\compi2\GrammarParser$DeclaracionPrgramaContext.class
practica\compi2\GrammarParser$ExpresionIgualdadContext.class
practica\compi2\tree\ast\BlockNode.class
practica\compi2\GrammarParser$ControlFlujoContext.class
practica\compi2\visitors\FunctionBuilder.class
practica\compi2\ide\view\CodexLatinus$ConsolaSwing.class
practica\compi2\GrammarParser$IncrementoContext.class
practica\compi2\GrammarParser$IncrementoInstruccionContext.class
practica\compi2\GrammarParser$ParametrosContext.class
practica\compi2\GrammarParser$AtributoEstructuraContext.class
practica\compi2\util\PigLatinUtil.class
practica\compi2\tree\ast\BooleanLiteralNode.class
practica\compi2\GrammarListener.class
practica\compi2\ide\view\CodexLatinus$3.class
practica\compi2\tree\ast\UnaryExpressionNode.class
practica\compi2\GrammarParser$FuncionConRetornoContext.class
practica\compi2\tree\ast\ReadNode.class
practica\compi2\GrammarLexer.class
practica\compi2\ide\graph\RegistradorPila.class
practica\compi2\ide\view\CodexLatinus.class
practica\compi2\tree\ast\StringLiteralNode.class
practica\compi2\errors\RecuperacionPanico.class
practica\compi2\semantic\FunctionSymbol.class
practica\compi2\GrammarParser$InicializadorContext.class
practica\compi2\tree\ast\BreakNode.class
practica\compi2\ide\graph\TreePanel.class
practica\compi2\tree\ast\ContinueNode.class
practica\compi2\words\Words.class
practica\compi2\GrammarParser$RetornoContext.class
practica\compi2\GrammarParser$LecturaContext.class
practica\compi2\GrammarParser$TipoVariableContext.class
practica\compi2\tree\ast\DecimalLiteralNode.class
practica\compi2\semantic\Scope.class
practica\compi2\tree\ast\IfNode.class
practica\compi2\interprete\Valor.class
practica\compi2\interprete\SenalRuptura.class
practica\compi2\tree\ast\ReturnNode.class
practica\compi2\ide\graph\PasoPila.class
practica\compi2\interprete\ConsolaIO.class
practica\compi2\tree\ast\WhileNode.class
practica\compi2\Main.class
practica\compi2\tree\ast\DoWhileNode.class
practica\compi2\GrammarParser$BloqueContext.class
practica\compi2\tree\ast\BinaryExpressionNode.class
practica\compi2\interprete\EstructuraRuntime.class
practica\compi2\GrammarParser$ExpresionMultiplicativaContext.class
practica\compi2\GrammarParser$LlamadaFuncionContext.class
practica\compi2\errors\CompileError.class
practica\compi2\GrammarVisitor.class
practica\compi2\tree\ast\AssignmentNode.class
practica\compi2\tree\ast\NodeUtil.class
practica\compi2\visitors\AstBuilderVisitor.class
practica\compi2\ide\view\CodexLatinus$1.class
practica\compi2\semantic\StructSymbol.class
practica\compi2\tree\ast\ArrayInitializerNode.class
practica\compi2\tree\ast\PostfixExpressionNode.class
practica\compi2\GrammarParser$ExpresionPostfijaContext.class
practica\compi2\GrammarParser$ProgramContext.class
practica\compi2\semantic\VariableSymbol.class
practica\compi2\visitors\DeclarationBuilder.class
practica\compi2\tree\ast\ProgramNode.class
practica\compi2\interprete\EntornoEjecucion.class
practica\compi2\tree\ast\VariableDeclarationNode.class
practica\compi2\tree\ast\StructDefinitionNode.class
practica\compi2\GrammarParser$DefinicionEstructuraContext.class
practica\compi2\semantic\TypeSystem.class
practica\compi2\tree\ast\FunctionDeclarationNode.class
practica\compi2\GrammarParser$CicloHacerMientrasContext.class
practica\compi2\GrammarParser$CicloIteradorContext.class
practica\compi2\GrammarParser$ExpresionContext.class
practica\compi2\GrammarParser$FuncionSinRetornoContext.class
practica\compi2\GrammarParser$ExpresionPrimariaContext.class
practica\compi2\GrammarParser$ExpresionRelacionalContext.class
practica\compi2\GrammarParser$ExpresionAditivaContext.class
practica\compi2\GrammarParser$InicializadorArrayContext.class
practica\compi2\GrammarParser$SeccionVariablesFuncionContext.class
practica\compi2\interprete\Interprete.class
practica\compi2\interprete\ErrorEjecucion.class
practica\compi2\interprete\SenalRetorno.class
practica\compi2\GrammarBaseVisitor.class
practica\compi2\ide\graph\NodeGraph.class
practica\compi2\tree\ast\StructFieldInitNode.class
practica\compi2\semantic\SymbolTable.class
practica\compi2\visitors\ExpressionBuilder.class
practica\compi2\ide\graph\NodeAst.class
practica\compi2\GrammarParser$DefinicionFuncionContext.class
practica\compi2\tree\ast\ExpressionStatementNode.class
practica\compi2\GrammarParser$ExpresionLogicaOrContext.class
practica\compi2\ide\view\CodexLatinus$2.class
practica\compi2\GrammarParser$InicializadorEstructuraAnonimoContext.class
practica\compi2\GrammarParser$DeclaracionVariableContext.class
practica\compi2\GrammarParser$IdentificadorContext.class
practica\compi2\tree\ast\AccessNode.class
practica\compi2\interprete\SenalContinuacion.class
practica\compi2\interprete\ArregloRuntime.class
practica\compi2\GrammarParser$AsignacionContext.class
practica\compi2\visitors\TipoResolver.class
practica\compi2\visitors\Posiciones.class
practica\compi2\GrammarParser$AccesoSufijoContext.class
practica\compi2\tree\ast\StructAttributeNode.class
practica\compi2\GrammarParser$ExpresionUnariaContext.class
practica\compi2\GrammarParser$TipoContext.class
practica\compi2\ide\view\CodexLatinus$5.class
practica\compi2\GrammarParser$BooleanoContext.class
practica\compi2\visitors\AstNode.class
practica\compi2\tree\ast\ForNode.class
practica\compi2\semantic\SemanticAnalyzer.class
practica\compi2\GrammarBaseListener.class
practica\compi2\GrammarParser$CondicionalContext.class
practica\compi2\semantic\AttributeInfo.class
practica\compi2\GrammarParser$DeclaracionFuncionesOpcionalesContext.class
practica\compi2\GrammarParser$AsignacionAtributoContext.class
practica\compi2\GrammarParser$CicloMientrasContext.class
practica\compi2\GrammarParser$InstruccionContext.class
practica\compi2\tree\ast\CharLiteralNode.class
practica\compi2\GrammarParser$InicializadorEstructuraContext.class
practica\compi2\GrammarParser$BloqueFuncionContext.class
practica\compi2\GrammarParser$EscrituraContext.class
practica\compi2\errors\RecuperacionException.class
practica\compi2\tree\ast\ParameterNode.class
practica\compi2\tree\ast\WriteNode.class
practica\compi2\GrammarParser.class
practica\compi2\ide\view\CodexLatinus$4.class
practica\compi2\tree\ast\IntegerLiteralNode.class
practica\compi2\GrammarParser$AccesoVariableContext.class
practica\compi2\tree\ast\FunctionCallNode.class
practica\compi2\GrammarParser$ExpresionLogicaAndContext.class
practica\compi2\words\PaintWord.class
