C:\Users\Enmer-LAPTOP\Desktop\Compi 2\Practica_Compi2_2026\src\main\java\practica\compi2\errors\CompileError.java
C:\Users\Enmer-LAPTOP\Desktop\Compi 2\Practica_Compi2_2026\src\main\java\practica\compi2\errors\RecuperacionException.java
C:\Users\Enmer-LAPTOP\Desktop\Compi 2\Practica_Compi2_2026\src\main\java\practica\compi2\errors\RecuperacionPanico.java
C:\Users\Enmer-LAPTOP\Desktop\Compi 2\Practica_Compi2_2026\src\main\java\practica\compi2\ide\graph\NodeAst.java
C:\Users\Enmer-LAPTOP\Desktop\Compi 2\Practica_Compi2_2026\src\main\java\practica\compi2\ide\graph\NodeGraph.java
C:\Users\Enmer-LAPTOP\Desktop\Compi 2\Practica_Compi2_2026\src\main\java\practica\compi2\ide\graph\PasoPila.java
C:\Users\Enmer-LAPTOP\Desktop\Compi 2\Practica_Compi2_2026\src\main\java\practica\compi2\ide\graph\RegistradorPila.java
C:\Users\Enmer-LAPTOP\Desktop\Compi 2\Practica_Compi2_2026\src\main\java\practica\compi2\ide\graph\TreePanel.java
C:\Users\Enmer-LAPTOP\Desktop\Compi 2\Practica_Compi2_2026\src\main\java\practica\compi2\ide\view\CodexLatinus.java
C:\Users\Enmer-LAPTOP\Desktop\Compi 2\Practica_Compi2_2026\src\main\java\practica\compi2\interprete\ArregloRuntime.java
C:\Users\Enmer-LAPTOP\Desktop\Compi 2\Practica_Compi2_2026\src\main\java\practica\compi2\interprete\ConsolaIO.java
C:\Users\Enmer-LAPTOP\Desktop\Compi 2\Practica_Compi2_2026\src\main\java\practica\compi2\interprete\EntornoEjecucion.java
C:\Users\Enmer-LAPTOP\Desktop\Compi 2\Practica_Compi2_2026\src\main\java\practica\compi2\interprete\ErrorEjecucion.java
C:\Users\Enmer-LAPTOP\Desktop\Compi 2\Practica_Compi2_2026\src\main\java\practica\compi2\interprete\EstructuraRuntime.java
C:\Users\Enmer-LAPTOP\Desktop\Compi 2\Practica_Compi2_2026\src\main\java\practica\compi2\interprete\Interprete.java
C:\Users\Enmer-LAPTOP\Desktop\Compi 2\Practica_Compi2_2026\src\main\java\practica\compi2\interprete\SenalContinuacion.java
C:\Users\Enmer-LAPTOP\Desktop\Compi 2\Practica_Compi2_2026\src\main\java\practica\compi2\interprete\SenalRetorno.java
C:\Users\Enmer-LAPTOP\Desktop\Compi 2\Practica_Compi2_2026\src\main\java\practica\compi2\interprete\SenalRuptura.java
C:\Users\Enmer-LAPTOP\Desktop\Compi 2\Practica_Compi2_2026\src\main\java\practica\compi2\interprete\Valor.java
C:\Users\Enmer-LAPTOP\Desktop\Compi 2\Practica_Compi2_2026\src\main\java\practica\compi2\Main.java
C:\Users\Enmer-LAPTOP\Desktop\Compi 2\Practica_Compi2_2026\src\main\java\practica\compi2\semantic\AttributeInfo.java
C:\Users\Enmer-LAPTOP\Desktop\Compi 2\Practica_Compi2_2026\src\main\java\practica\compi2\semantic\FunctionSymbol.java
C:\Users\Enmer-LAPTOP\Desktop\Compi 2\Practica_Compi2_2026\src\main\java\practica\compi2\semantic\Scope.java
C:\Users\Enmer-LAPTOP\Desktop\Compi 2\Practica_Compi2_2026\src\main\java\practica\compi2\semantic\SemanticAnalyzer.java
C:\Users\Enmer-LAPTOP\Desktop\Compi 2\Practica_Compi2_2026\src\main\java\practica\compi2\semantic\StructSymbol.java
C:\Users\Enmer-LAPTOP\Desktop\Compi 2\Practica_Compi2_2026\src\main\java\practica\compi2\semantic\SymbolTable.java
C:\Users\Enmer-LAPTOP\Desktop\Compi 2\Practica_Compi2_2026\src\main\java\practica\compi2\semantic\TypeSystem.java
C:\Users\Enmer-LAPTOP\Desktop\Compi 2\Practica_Compi2_2026\src\main\java\practica\compi2\semantic\VariableSymbol.java
C:\Users\Enmer-LAPTOP\Desktop\Compi 2\Practica_Compi2_2026\src\main\java\practica\compi2\tree\ast\AccessNode.java
C:\Users\Enmer-LAPTOP\Desktop\Compi 2\Practica_Compi2_2026\src\main\java\practica\compi2\tree\ast\ArrayInitializerNode.java
C:\Users\Enmer-LAPTOP\Desktop\Compi 2\Practica_Compi2_2026\src\main\java\practica\compi2\tree\ast\AssignmentNode.java
C:\Users\Enmer-LAPTOP\Desktop\Compi 2\Practica_Compi2_2026\src\main\java\practica\compi2\tree\ast\BinaryExpressionNode.java
C:\Users\Enmer-LAPTOP\Desktop\Compi 2\Practica_Compi2_2026\src\main\java\practica\compi2\tree\ast\BlockNode.java
C:\Users\Enmer-LAPTOP\Desktop\Compi 2\Practica_Compi2_2026\src\main\java\practica\compi2\tree\ast\BooleanLiteralNode.java
C:\Users\Enmer-LAPTOP\Desktop\Compi 2\Practica_Compi2_2026\src\main\java\practica\compi2\tree\ast\BreakNode.java
C:\Users\Enmer-LAPTOP\Desktop\Compi 2\Practica_Compi2_2026\src\main\java\practica\compi2\tree\ast\CharLiteralNode.java
C:\Users\Enmer-LAPTOP\Desktop\Compi 2\Practica_Compi2_2026\src\main\java\practica\compi2\tree\ast\ContinueNode.java
C:\Users\Enmer-LAPTOP\Desktop\Compi 2\Practica_Compi2_2026\src\main\java\practica\compi2\tree\ast\DecimalLiteralNode.java
C:\Users\Enmer-LAPTOP\Desktop\Compi 2\Practica_Compi2_2026\src\main\java\practica\compi2\tree\ast\DoWhileNode.java
C:\Users\Enmer-LAPTOP\Desktop\Compi 2\Practica_Compi2_2026\src\main\java\practica\compi2\tree\ast\ExpressionStatementNode.java
C:\Users\Enmer-LAPTOP\Desktop\Compi 2\Practica_Compi2_2026\src\main\java\practica\compi2\tree\ast\ForNode.java
C:\Users\Enmer-LAPTOP\Desktop\Compi 2\Practica_Compi2_2026\src\main\java\practica\compi2\tree\ast\FunctionCallNode.java
C:\Users\Enmer-LAPTOP\Desktop\Compi 2\Practica_Compi2_2026\src\main\java\practica\compi2\tree\ast\FunctionDeclarationNode.java
C:\Users\Enmer-LAPTOP\Desktop\Compi 2\Practica_Compi2_2026\src\main\java\practica\compi2\tree\ast\IfNode.java
C:\Users\Enmer-LAPTOP\Desktop\Compi 2\Practica_Compi2_2026\src\main\java\practica\compi2\tree\ast\IntegerLiteralNode.java
C:\Users\Enmer-LAPTOP\Desktop\Compi 2\Practica_Compi2_2026\src\main\java\practica\compi2\tree\ast\NodeUtil.java
C:\Users\Enmer-LAPTOP\Desktop\Compi 2\Practica_Compi2_2026\src\main\java\practica\compi2\tree\ast\ParameterNode.java
C:\Users\Enmer-LAPTOP\Desktop\Compi 2\Practica_Compi2_2026\src\main\java\practica\compi2\tree\ast\PostfixExpressionNode.java
C:\Users\Enmer-LAPTOP\Desktop\Compi 2\Practica_Compi2_2026\src\main\java\practica\compi2\tree\ast\ProgramNode.java
C:\Users\Enmer-LAPTOP\Desktop\Compi 2\Practica_Compi2_2026\src\main\java\practica\compi2\tree\ast\ReadNode.java
C:\Users\Enmer-LAPTOP\Desktop\Compi 2\Practica_Compi2_2026\src\main\java\practica\compi2\tree\ast\ReturnNode.java
C:\Users\Enmer-LAPTOP\Desktop\Compi 2\Practica_Compi2_2026\src\main\java\practica\compi2\tree\ast\StringLiteralNode.java
C:\Users\Enmer-LAPTOP\Desktop\Compi 2\Practica_Compi2_2026\src\main\java\practica\compi2\tree\ast\StructAttributeNode.java
C:\Users\Enmer-LAPTOP\Desktop\Compi 2\Practica_Compi2_2026\src\main\java\practica\compi2\tree\ast\StructDefinitionNode.java
C:\Users\Enmer-LAPTOP\Desktop\Compi 2\Practica_Compi2_2026\src\main\java\practica\compi2\tree\ast\StructFieldInitNode.java
C:\Users\Enmer-LAPTOP\Desktop\Compi 2\Practica_Compi2_2026\src\main\java\practica\compi2\tree\ast\StructInitializerNode.java
C:\Users\Enmer-LAPTOP\Desktop\Compi 2\Practica_Compi2_2026\src\main\java\practica\compi2\tree\ast\UnaryExpressionNode.java
C:\Users\Enmer-LAPTOP\Desktop\Compi 2\Practica_Compi2_2026\src\main\java\practica\compi2\tree\ast\VariableDeclarationNode.java
C:\Users\Enmer-LAPTOP\Desktop\Compi 2\Practica_Compi2_2026\src\main\java\practica\compi2\tree\ast\WhileNode.java
C:\Users\Enmer-LAPTOP\Desktop\Compi 2\Practica_Compi2_2026\src\main\java\practica\compi2\tree\ast\WriteNode.java
C:\Users\Enmer-LAPTOP\Desktop\Compi 2\Practica_Compi2_2026\src\main\java\practica\compi2\util\PigLatinUtil.java
C:\Users\Enmer-LAPTOP\Desktop\Compi 2\Practica_Compi2_2026\src\main\java\practica\compi2\visitors\AstBuilderVisitor.java
C:\Users\Enmer-LAPTOP\Desktop\Compi 2\Practica_Compi2_2026\src\main\java\practica\compi2\visitors\AstNode.java
C:\Users\Enmer-LAPTOP\Desktop\Compi 2\Practica_Compi2_2026\src\main\java\practica\compi2\visitors\DeclarationBuilder.java
C:\Users\Enmer-LAPTOP\Desktop\Compi 2\Practica_Compi2_2026\src\main\java\practica\compi2\visitors\ExpressionBuilder.java
C:\Users\Enmer-LAPTOP\Desktop\Compi 2\Practica_Compi2_2026\src\main\java\practica\compi2\visitors\FunctionBuilder.java
C:\Users\Enmer-LAPTOP\Desktop\Compi 2\Practica_Compi2_2026\src\main\java\practica\compi2\visitors\Posiciones.java
C:\Users\Enmer-LAPTOP\Desktop\Compi 2\Practica_Compi2_2026\src\main\java\practica\compi2\visitors\StatementBuilder.java
C:\Users\Enmer-LAPTOP\Desktop\Compi 2\Practica_Compi2_2026\src\main\java\practica\compi2\visitors\TipoResolver.java
C:\Users\Enmer-LAPTOP\Desktop\Compi 2\Practica_Compi2_2026\src\main\java\practica\compi2\words\PaintWord.java
C:\Users\Enmer-LAPTOP\Desktop\Compi 2\Practica_Compi2_2026\src\main\java\practica\compi2\words\Words.java
C:\Users\Enmer-LAPTOP\Desktop\Compi 2\Practica_Compi2_2026\target\generated-sources\antlr4\practica\compi2\GrammarBaseListener.java
C:\Users\Enmer-LAPTOP\Desktop\Compi 2\Practica_Compi2_2026\target\generated-sources\antlr4\practica\compi2\GrammarBaseVisitor.java
C:\Users\Enmer-LAPTOP\Desktop\Compi 2\Practica_Compi2_2026\target\generated-sources\antlr4\practica\compi2\GrammarLexer.java
C:\Users\Enmer-LAPTOP\Desktop\Compi 2\Practica_Compi2_2026\target\generated-sources\antlr4\practica\compi2\GrammarListener.java
C:\Users\Enmer-LAPTOP\Desktop\Compi 2\Practica_Compi2_2026\target\generated-sources\antlr4\practica\compi2\GrammarParser.java
C:\Users\Enmer-LAPTOP\Desktop\Compi 2\Practica_Compi2_2026\target\generated-sources\antlr4\practica\compi2\GrammarVisitor.java
